<script src='/foo.js'></script><script src='/blah.js'></script>
<link href='/test.css' media='all' rel='stylesheet' type='text/css'><link href='/css-test.scss' media='all' rel='stylesheet' type='text/css'>
