<script src='/javascripts/all-3cca4d80aef150e7af9395b129825571.js'></script>
<link href='/stylesheets/all-6b3c7e56e7c034d7760b8b32d4654cdd.css' media='all' rel='stylesheet' type='text/css'>
