<link href='/stylesheets/all-.css' media='all' rel='stylesheet' type='text/css'>
<script src='/blah.js'></script><script src='/foo.js'></script>
