<script src='/javascripts/all-.js'></script>
<link href='/stylesheets/all-.css' media='all' rel='stylesheet' type='text/css'>
